// Jest Snapshot v1, https://goo.gl/fbAQLP

exports[`renders a snapshot 1`] = `
<div
  className="App"
>
  <div
    className="App-header"
  >
    <img
      alt="logo"
      className="App-logo"
      src="logo.svg"
    />
    <h3>
      Welcome to React
    </h3>
  </div>
  <p
    className="App-intro"
  >
    To get started, edit 
    <code>
      src/App.js
    </code>
     and save to reload.
  </p>
  <span>
    Value: 
    0
    <button
      className="decrement"
      onClick={[Function]}
    >
       minus 
    </button>
    &gt;
    <button
      className="increment"
      onClick={[Function]}
    >
       plus 
    </button>
  </span>
</div>
`;
